Ошибка в синтаксисе команды.
